# compiler: R8
# compiler_version: 2.1.86
# pg_map_id: 40b2c3f
# common_typos_disable
kr.co.keyfreecar.api.BuildConfig -> kr.co.keyfreecar.api.BuildConfig:
    1:1:void <init>():6:6 -> <init>
kr.co.keyfreecar.api.KeyfreecarBluetoothManager -> kr.co.keyfreecar.api.KeyfreecarBluetoothManager:
    android.content.Context ctx -> a
    kr.co.keyfreecar.api.KeyfreecarBluetoothManager$ConnectionCallback connectionCallback -> b
    android.bluetooth.BluetoothDevice connected -> c
    java.lang.String Logtag -> e
    boolean scanning -> d
    1:1:void <clinit>():40:40 -> <clinit>
    1:1:void <init>(kr.co.keyfreecar.api.KeyfreecarBluetoothManager$Builder):95:95 -> <init>
    2:49:void <init>(kr.co.keyfreecar.api.KeyfreecarBluetoothManager$Builder):50:97 -> <init>
    1:27:void Connect(android.bluetooth.BluetoothDevice,java.lang.String):349:375 -> Connect
    1:18:void StartSearch(android.bluetooth.BluetoothAdapter,java.lang.String,int):118:135 -> StartSearch
    19:30:void StartSearch(android.bluetooth.BluetoothAdapter,java.lang.String,int):121:132 -> StartSearch
    31:39:void StartSearch(android.bluetooth.BluetoothAdapter,java.lang.String,java.lang.String):153:161 -> StartSearch
    40:40:void StartSearch(android.bluetooth.BluetoothAdapter):179:179 -> StartSearch
    41:44:void StartSearch():282:285 -> StartSearch
    1:3:void StopSearch(android.bluetooth.BluetoothAdapter,android.bluetooth.le.ScanCallback):299:301 -> StopSearch
    1:85:void StartSearch(android.bluetooth.BluetoothAdapter,java.util.List):185:269 -> a
    1:2:boolean isKFCDevice(android.bluetooth.BluetoothDevice):316:317 -> isKFCDevice
    1:1:boolean isScanning():103:103 -> isScanning
    1:2:boolean isSmartDevice(android.bluetooth.BluetoothDevice):332:333 -> isSmartDevice
kr.co.keyfreecar.api.KeyfreecarBluetoothManager$1 -> kr.co.keyfreecar.api.KeyfreecarBluetoothManager$a:
    android.util.ArrayMap allFound -> a
    kr.co.keyfreecar.api.KeyfreecarBluetoothManager this$0 -> c
    kr.co.keyfreecar.api.KeyfreecarBluetoothManager val$self -> b
    1:1:void <init>(kr.co.keyfreecar.api.KeyfreecarBluetoothManager,kr.co.keyfreecar.api.KeyfreecarBluetoothManager):188:188 -> <init>
    1:3:void onBatchScanResults(java.util.List):246:248 -> onBatchScanResults
    1:17:void onScanFailed(int):221:237 -> onScanFailed
    18:19:void onScanFailed(int):228:229 -> onScanFailed
    20:20:void onScanFailed(int):225:225 -> onScanFailed
    1:8:void onScanResult(int,android.bluetooth.le.ScanResult):203:210 -> onScanResult
    9:9:void onScanResult(int,android.bluetooth.le.ScanResult):198:198 -> onScanResult
kr.co.keyfreecar.api.KeyfreecarBluetoothManager$2 -> kr.co.keyfreecar.api.KeyfreecarBluetoothManager$b:
    android.bluetooth.BluetoothDevice val$device -> a
    kr.co.keyfreecar.api.KeyfreecarBluetoothManager this$0 -> b
    1:1:void <init>(kr.co.keyfreecar.api.KeyfreecarBluetoothManager,android.bluetooth.BluetoothDevice):351:351 -> <init>
    1:4:void onUnavailable(kr.co.keyfreecar.api.KeyfreecarConnector,int):362:365 -> a
kr.co.keyfreecar.api.KeyfreecarBluetoothManager$Builder -> kr.co.keyfreecar.api.KeyfreecarBluetoothManager$Builder:
    android.content.Context ctx -> a
    kr.co.keyfreecar.api.KeyfreecarBluetoothManager$ConnectionCallback ConnCallback -> b
    1:1:void <init>(android.content.Context):453:453 -> <init>
    2:46:void <init>(android.content.Context):410:454 -> <init>
    1:7:kr.co.keyfreecar.api.KeyfreecarBluetoothManager build():467:473 -> build
    8:8:void kr.co.keyfreecar.api.KeyfreecarBluetoothManager.<init>(kr.co.keyfreecar.api.KeyfreecarBluetoothManager$Builder,kr.co.keyfreecar.api.KeyfreecarBluetoothManager$1):38:38 -> build
    8:8:kr.co.keyfreecar.api.KeyfreecarBluetoothManager build():473 -> build
    9:9:kr.co.keyfreecar.api.KeyfreecarBluetoothManager build():476:476 -> build
    1:1:kr.co.keyfreecar.api.KeyfreecarBluetoothManager$Builder setConnectionCallback(kr.co.keyfreecar.api.KeyfreecarBluetoothManager$ConnectionCallback):490:490 -> setConnectionCallback
kr.co.keyfreecar.api.KeyfreecarBluetoothManager$Builder$1 -> kr.co.keyfreecar.api.KeyfreecarBluetoothManager$Builder$a:
    1:1:void <init>(kr.co.keyfreecar.api.KeyfreecarBluetoothManager$Builder):410:410 -> <init>
    1:1:void onDeviceAvailable(kr.co.keyfreecar.api.KeyfreecarConnector):433:433 -> onDeviceAvailable
    1:1:void onDeviceDisable(kr.co.keyfreecar.api.KeyfreecarConnector,int):438:438 -> onDeviceDisable
    1:1:void onDeviceFound(android.bluetooth.BluetoothDevice,kr.co.keyfreecar.api.KeyfreecarBluetoothManager):423:423 -> onDeviceFound
    1:1:void onDeviceLost(android.bluetooth.BluetoothDevice,kr.co.keyfreecar.api.KeyfreecarBluetoothManager):428:428 -> onDeviceLost
    1:1:void onScanFinish(int):418:418 -> onScanFinish
    1:1:void onScanStart(android.bluetooth.le.ScanCallback):413:413 -> onScanStart
kr.co.keyfreecar.api.KeyfreecarConnector -> kr.co.keyfreecar.api.KeyfreecarConnector:
    android.bluetooth.BluetoothGatt gatt -> a
    kr.co.keyfreecar.util.Consumer gracefulDisconnect -> c
    android.util.ArrayMap callbackHashMap -> d
    android.util.ArrayMap onUpdate -> e
    kr.co.keyfreecar.api.KeyfreecarDetail keyfreecarDetail -> f
    int timeout -> g
    boolean complete -> h
    java.lang.String Logtag -> b
    1:1:void <init>(android.bluetooth.BluetoothDevice,android.bluetooth.BluetoothGatt,byte[][],kr.co.keyfreecar.util.Consumer):71:71 -> <init>
    2:51:void <init>(android.bluetooth.BluetoothDevice,android.bluetooth.BluetoothGatt,byte[][],kr.co.keyfreecar.util.Consumer):30:79 -> <init>
    1:4:void ChangeName(java.lang.String,kr.co.keyfreecar.api.KeyfreecarConnector$ResultCallback):223:226 -> ChangeName
    5:5:kr.co.keyfreecar.api.KeyfreecarConnector$CommandCallback toCommandCallback(kr.co.keyfreecar.api.KeyfreecarConnector$ResultCallback,int):132:132 -> ChangeName
    5:5:kr.co.keyfreecar.api.KeyfreecarConnector$CommandCallback toCommandCallback(java.lang.String,kr.co.keyfreecar.api.KeyfreecarConnector$ResultCallback,int):136 -> ChangeName
    5:5:void ChangeName(java.lang.String,kr.co.keyfreecar.api.KeyfreecarConnector$ResultCallback):228 -> ChangeName
    6:6:kr.co.keyfreecar.api.KeyfreecarConnector$CommandCallback toCommandCallback(java.lang.String,kr.co.keyfreecar.api.KeyfreecarConnector$ResultCallback,int):137:137 -> ChangeName
    6:6:void ChangeName(java.lang.String,kr.co.keyfreecar.api.KeyfreecarConnector$ResultCallback):228 -> ChangeName
    7:27:void ChangeName(java.lang.String,kr.co.keyfreecar.api.KeyfreecarConnector$ResultCallback):230:250 -> ChangeName
    1:5:void ChangePassword(java.lang.String,kr.co.keyfreecar.api.KeyfreecarConnector$ResultCallback):257:261 -> ChangePassword
    6:6:kr.co.keyfreecar.api.KeyfreecarConnector$CommandCallback toCommandCallback(kr.co.keyfreecar.api.KeyfreecarConnector$ResultCallback,int):132:132 -> ChangePassword
    6:6:kr.co.keyfreecar.api.KeyfreecarConnector$CommandCallback toCommandCallback(java.lang.String,kr.co.keyfreecar.api.KeyfreecarConnector$ResultCallback,int):136 -> ChangePassword
    6:6:void ChangePassword(java.lang.String,kr.co.keyfreecar.api.KeyfreecarConnector$ResultCallback):263 -> ChangePassword
    7:7:kr.co.keyfreecar.api.KeyfreecarConnector$CommandCallback toCommandCallback(java.lang.String,kr.co.keyfreecar.api.KeyfreecarConnector$ResultCallback,int):137:137 -> ChangePassword
    7:7:void ChangePassword(java.lang.String,kr.co.keyfreecar.api.KeyfreecarConnector$ResultCallback):263 -> ChangePassword
    8:29:void ChangePassword(java.lang.String,kr.co.keyfreecar.api.KeyfreecarConnector$ResultCallback):266:287 -> ChangePassword
    1:1:void Disconnect():162:162 -> Disconnect
    1:21:void EngineStart(int,kr.co.keyfreecar.api.KeyfreecarConnector$ResultCallback):409:429 -> EngineStart
    22:22:void EngineStart(int,kr.co.keyfreecar.api.KeyfreecarConnector$ResultCallback):412:412 -> EngineStart
    1:18:void EngineStop(kr.co.keyfreecar.api.KeyfreecarConnector$ResultCallback):436:453 -> EngineStop
    1:2:void LockDoor(kr.co.keyfreecar.api.KeyfreecarConnector$ResultCallback):175:176 -> LockDoor
    3:3:kr.co.keyfreecar.api.KeyfreecarConnector$CommandCallback toCommandCallback(kr.co.keyfreecar.api.KeyfreecarConnector$ResultCallback,int):132:132 -> LockDoor
    3:3:void LockDoor(kr.co.keyfreecar.api.KeyfreecarConnector$ResultCallback):178 -> LockDoor
    4:11:void LockDoor(kr.co.keyfreecar.api.KeyfreecarConnector$ResultCallback):180:187 -> LockDoor
    1:16:void PrepareSmartRegistration(kr.co.keyfreecar.api.KeyfreecarConnector$ResultCallback):293:308 -> PrepareSmartRegistration
    1:21:void RemoveSmartRegistration(java.lang.Integer,kr.co.keyfreecar.api.KeyfreecarConnector$ResultCallback):316:336 -> RemoveSmartRegistration
    22:22:void RemoveSmartRegistration(java.lang.Integer,kr.co.keyfreecar.api.KeyfreecarConnector$ResultCallback):319:319 -> RemoveSmartRegistration
    1:25:void SetDoorHandle(java.lang.Integer,boolean,kr.co.keyfreecar.api.KeyfreecarConnector$ResultCallback):378:402 -> SetDoorHandle
    26:26:void SetDoorHandle(java.lang.Integer,boolean,kr.co.keyfreecar.api.KeyfreecarConnector$ResultCallback):381:381 -> SetDoorHandle
    1:27:void SetSmartRange(java.lang.Integer,kr.co.keyfreecar.api.KeyfreecarConnector$ResultCallback):344:370 -> SetSmartRange
    28:28:void SetSmartRange(java.lang.Integer,kr.co.keyfreecar.api.KeyfreecarConnector$ResultCallback):347:347 -> SetSmartRange
    1:2:void UnlockDoor(kr.co.keyfreecar.api.KeyfreecarConnector$ResultCallback):204:205 -> UnlockDoor
    3:3:kr.co.keyfreecar.api.KeyfreecarConnector$CommandCallback toCommandCallback(kr.co.keyfreecar.api.KeyfreecarConnector$ResultCallback,int):132:132 -> UnlockDoor
    3:3:void UnlockDoor(kr.co.keyfreecar.api.KeyfreecarConnector$ResultCallback):207 -> UnlockDoor
    4:11:void UnlockDoor(kr.co.keyfreecar.api.KeyfreecarConnector$ResultCallback):209:216 -> UnlockDoor
    1:32:kr.co.keyfreecar.api.KeyfreecarConnector$CommandCallback toCommandCallback(kr.co.keyfreecar.api.KeyfreecarConnector$ResultCallback,int,int):89:120 -> a
    33:171:void DispatchConfirmed(byte[]):461:599 -> a
    172:230:void onValueSet(java.lang.Integer,java.lang.Object):660:718 -> a
    231:264:void onValueSet(java.lang.Integer,java.lang.Object):703:736 -> a
    265:270:void onValueSet(java.lang.Integer,java.lang.Object):723:728 -> a
    271:323:void onValueSet(java.lang.Integer,java.lang.Object):694:746 -> a
    324:328:void onValueSet(java.lang.Integer,java.lang.Object):677:681 -> a
    1:1:kr.co.keyfreecar.api.KeyfreecarDetail getKeyfreecarDetail():85:85 -> getKeyfreecarDetail
    1:1:void setOnUpdate(int,kr.co.keyfreecar.api.KeyfreecarConnector$onUpdate):655:655 -> setOnUpdate
    1:1:void setTimeout(int):150:150 -> setTimeout
kr.co.keyfreecar.api.KeyfreecarConnector$1 -> kr.co.keyfreecar.api.KeyfreecarConnector$a:
    int val$CommandType -> d
    kr.co.keyfreecar.api.KeyfreecarConnector$ResultCallback val$callback -> e
    kr.co.keyfreecar.api.KeyfreecarConnector this$0 -> f
    1:1:void <init>(kr.co.keyfreecar.api.KeyfreecarConnector,int,kr.co.keyfreecar.api.KeyfreecarConnector$ResultCallback):89:89 -> <init>
    1:2:void onDispatch():105:106 -> a
    3:3:void onFailure(int):112:112 -> a
    4:4:android.util.ArrayMap kr.co.keyfreecar.api.KeyfreecarConnector.access$100(kr.co.keyfreecar.api.KeyfreecarConnector):20:20 -> a
    4:4:void onFailure(int):112 -> a
    5:5:void onFailure(int):112:112 -> a
    6:6:android.util.ArrayMap kr.co.keyfreecar.api.KeyfreecarConnector.access$100(kr.co.keyfreecar.api.KeyfreecarConnector):20:20 -> a
    6:6:void onFailure(int):112 -> a
    7:8:void onFailure(int):112:113 -> a
    9:9:android.util.ArrayMap kr.co.keyfreecar.api.KeyfreecarConnector.access$100(kr.co.keyfreecar.api.KeyfreecarConnector):20:20 -> a
    9:9:void onFailure(int):113 -> a
    10:12:void onFailure(int):113:115 -> a
    1:1:void onSuccess():94:94 -> b
    2:2:android.util.ArrayMap kr.co.keyfreecar.api.KeyfreecarConnector.access$100(kr.co.keyfreecar.api.KeyfreecarConnector):20:20 -> b
    2:2:void onSuccess():94 -> b
    3:3:void onSuccess():94:94 -> b
    4:4:android.util.ArrayMap kr.co.keyfreecar.api.KeyfreecarConnector.access$100(kr.co.keyfreecar.api.KeyfreecarConnector):20:20 -> b
    4:4:void onSuccess():94 -> b
    5:6:void onSuccess():94:95 -> b
    7:7:android.util.ArrayMap kr.co.keyfreecar.api.KeyfreecarConnector.access$100(kr.co.keyfreecar.api.KeyfreecarConnector):20:20 -> b
    7:7:void onSuccess():95 -> b
    8:12:void onSuccess():95:99 -> b
kr.co.keyfreecar.api.KeyfreecarConnector$2 -> kr.co.keyfreecar.api.KeyfreecarConnector$b:
    kr.co.keyfreecar.api.KeyfreecarConnector$CommandCallback val$cc -> a
    1:1:void <init>(kr.co.keyfreecar.api.KeyfreecarConnector,kr.co.keyfreecar.api.KeyfreecarConnector$CommandCallback):120:120 -> <init>
    1:1:void run():124:124 -> run
kr.co.keyfreecar.api.KeyfreecarConnector$CommandCallback -> kr.co.keyfreecar.api.KeyfreecarConnector$c:
    kr.co.keyfreecar.api.KeyfreecarConnector myKeyfreecar -> b
    java.util.Timer timeout -> a
    java.lang.String commandExtra -> c
    1:2:void <init>():788:789 -> <init>
    3:3:void <init>(kr.co.keyfreecar.api.KeyfreecarConnector$1):788:788 -> <init>
    void onDispatch() -> a
    void onFailure(int) -> a
    void onSuccess() -> b
kr.co.keyfreecar.api.KeyfreecarDetail -> kr.co.keyfreecar.api.KeyfreecarDetail:
    java.lang.String devicePassword -> i
    java.lang.String deviceName -> h
    java.lang.String[] smartUsers -> j
    boolean isValetEnable -> e
    int doorHandlePassword -> f
    int smartRange -> d
    boolean isDoorHandleEnable -> g
    kr.co.keyfreecar.api.KeyfreecarDetail$UpdateCallback updateCallback -> k
    boolean isSmartRegisterReady -> a
    boolean isSmartDeviceConnected -> b
    int accState -> c
    1:1:void <init>(byte[][],kr.co.keyfreecar.api.KeyfreecarDetail$UpdateCallback):50:50 -> <init>
    2:42:void <init>(byte[][],kr.co.keyfreecar.api.KeyfreecarDetail$UpdateCallback):13:53 -> <init>
    void parseEighth(byte[]) -> a
    1:7:void parseData(byte[][]):59:65 -> a
    8:19:void exceptThree(byte[]):154:165 -> a
    20:20:void exceptThree(byte[]):162:162 -> a
    21:43:void exceptThree(byte[]):159:181 -> a
    44:44:void exceptThree(byte[]):178:178 -> a
    45:45:void exceptThree(byte[]):175:175 -> a
    46:64:void exceptThree(byte[]):171:189 -> a
    void parseEleventh(byte[]) -> b
    1:24:void allCommon(byte[]):125:148 -> b
    1:24:void parseData(byte[]):70 -> b
    25:71:void parseData(byte[]):71:117 -> b
    72:73:void parseData(byte[]):112:113 -> b
    74:75:void parseData(byte[]):108:109 -> b
    76:77:void parseData(byte[]):104:105 -> b
    78:79:void parseData(byte[]):100:101 -> b
    80:80:void parseData(byte[]):96:96 -> b
    81:93:void parseSixth(byte[]):322:334 -> b
    81:93:void parseData(byte[]):97 -> b
    94:94:void parseData(byte[]):92:92 -> b
    95:108:void parseFifth(byte[]):300:313 -> b
    95:108:void parseData(byte[]):93 -> b
    109:109:void parseData(byte[]):88:88 -> b
    110:121:void parseFourth(byte[]):280:291 -> b
    110:121:void parseData(byte[]):89 -> b
    122:126:void parseThird(byte[]):270:274 -> b
    122:126:void parseData(byte[]):85 -> b
    127:127:void parseData(byte[]):81:81 -> b
    128:146:void parseSecond(byte[]):245:263 -> b
    128:146:void parseData(byte[]):82 -> b
    147:147:void parseData(byte[]):77:77 -> b
    148:184:void parseFirst(byte[]):198:234 -> b
    148:184:void parseData(byte[]):78 -> b
    185:186:void parseData(byte[]):73:74 -> b
    void parseNinth(byte[]) -> c
    void parseSeventh(byte[]) -> d
    void parseTenth(byte[]) -> e
    void parseZero(byte[]) -> f
    1:1:int getAccState():372:372 -> getAccState
    1:1:java.lang.String getDeviceName():396:396 -> getDeviceName
    1:1:java.lang.String getDevicePassword():404:404 -> getDevicePassword
    1:1:int getDoorHandlePassword():400:400 -> getDoorHandlePassword
    1:1:int getSmartRange():388:388 -> getSmartRange
    1:1:java.lang.String[] getSmartUsers():408:408 -> getSmartUsers
    1:1:boolean isDoorHandleEnable():356:356 -> isDoorHandleEnable
    1:1:boolean isSmartDeviceConnected():360:360 -> isSmartDeviceConnected
    1:1:boolean isSmartRegisterReady():364:364 -> isSmartRegisterReady
    1:1:boolean isValetEnable():368:368 -> isValetEnable
kr.co.keyfreecar.api.KeyfreecarDetail$Update -> kr.co.keyfreecar.api.KeyfreecarDetail$Update:
    1:1:void <init>():415:415 -> <init>
kr.co.keyfreecar.api.KeyfreecarDetail$Update$Item -> kr.co.keyfreecar.api.KeyfreecarDetail$Update$Item:
    1:1:void <init>():416:416 -> <init>
kr.co.keyfreecar.api.KeyfreecarDetail$Update$Value -> kr.co.keyfreecar.api.KeyfreecarDetail$Update$Value:
    1:1:void <init>():434:434 -> <init>
kr.co.keyfreecar.api.KeyfreecarDetail$UpdateCallback -> kr.co.keyfreecar.api.KeyfreecarDetail$a:
    void onUpdate(java.lang.Integer,java.lang.Object) -> a
kr.co.keyfreecar.api.KeyfreecarGATT -> a.a.a.a.a:
    int setStatChecker -> l
    boolean isReady -> p
    android.bluetooth.BluetoothDevice btDevice -> b
    int reconnectTrial -> h
    int wrongPasswordCounter -> g
    boolean notiOneShot -> q
    byte[][] setStatBuffer -> m
    java.util.ArrayList names -> o
    java.util.ArrayList UUIDs -> n
    android.os.HandlerThread ht -> e
    java.lang.String Logtag -> a
    java.lang.Runnable onGoing -> k
    java.lang.String password -> c
    android.os.HandlerThread pingThread -> i
    kr.co.keyfreecar.api.KeyfreecarConnector connector -> f
    android.os.Handler pingRepeater -> j
    kr.co.keyfreecar.api.KeyfreecarGATT$Callback callback -> d
    1:1:void <init>(android.bluetooth.BluetoothDevice,java.lang.String,kr.co.keyfreecar.api.KeyfreecarGATT$Callback):104:104 -> <init>
    2:239:void <init>(android.bluetooth.BluetoothDevice,java.lang.String,kr.co.keyfreecar.api.KeyfreecarGATT$Callback):22:259 -> <init>
    240:250:void <init>(android.bluetooth.BluetoothDevice,java.lang.String,kr.co.keyfreecar.api.KeyfreecarGATT$Callback):105:115 -> <init>
    1:34:void prepareList():65:98 -> a
    35:46:void DiscoverServiceAndCharacteristic(android.bluetooth.BluetoothGattService,int):367:378 -> a
    47:52:void DiscoverCharacteristicAndDescriptor(android.bluetooth.BluetoothGattCharacteristic,int):388:393 -> a
    47:52:void DiscoverServiceAndCharacteristic(android.bluetooth.BluetoothGattService,int):381 -> a
    53:59:void GracefullyDisconnect(android.bluetooth.BluetoothGatt):400:406 -> a
    60:65:java.lang.String UUIDtoString(java.util.UUID):459:464 -> a
    66:71:java.lang.String TrimPassword(java.lang.String):504:509 -> a
    1:44:void onCharacteristicChanged(android.bluetooth.BluetoothGatt,android.bluetooth.BluetoothGattCharacteristic):291:334 -> onCharacteristicChanged
    45:47:void kr.co.keyfreecar.api.KeyfreecarBluetoothManager$2.onAvailable(kr.co.keyfreecar.api.KeyfreecarConnector):355:357 -> onCharacteristicChanged
    45:47:void onCharacteristicChanged(android.bluetooth.BluetoothGatt,android.bluetooth.BluetoothGattCharacteristic):334 -> onCharacteristicChanged
    48:59:void onCharacteristicChanged(android.bluetooth.BluetoothGatt,android.bluetooth.BluetoothGattCharacteristic):339:350 -> onCharacteristicChanged
    60:681:void kr.co.keyfreecar.api.KeyfreecarConnector.ParseMessage(byte[]):0:621 -> onCharacteristicChanged
    60:681:void onCharacteristicChanged(android.bluetooth.BluetoothGatt,android.bluetooth.BluetoothGattCharacteristic):351 -> onCharacteristicChanged
    682:684:void kr.co.keyfreecar.api.KeyfreecarConnector.UpdateStatus(byte[]):611:613 -> onCharacteristicChanged
    682:684:void kr.co.keyfreecar.api.KeyfreecarConnector.ParseMessage(byte[]):622 -> onCharacteristicChanged
    682:684:void onCharacteristicChanged(android.bluetooth.BluetoothGatt,android.bluetooth.BluetoothGattCharacteristic):351 -> onCharacteristicChanged
    1:7:void onCharacteristicRead(android.bluetooth.BluetoothGatt,android.bluetooth.BluetoothGattCharacteristic,int):264:270 -> onCharacteristicRead
    8:10:int[] byteToUnsignedInt(byte[]):472:474 -> onCharacteristicRead
    8:10:java.lang.String TranslateRawdata(byte[]):489 -> onCharacteristicRead
    8:10:void onCharacteristicRead(android.bluetooth.BluetoothGatt,android.bluetooth.BluetoothGattCharacteristic,int):270 -> onCharacteristicRead
    11:18:java.lang.String TranslateRawdata(byte[]):493:500 -> onCharacteristicRead
    11:18:void onCharacteristicRead(android.bluetooth.BluetoothGatt,android.bluetooth.BluetoothGattCharacteristic,int):270 -> onCharacteristicRead
    19:20:void onCharacteristicRead(android.bluetooth.BluetoothGatt,android.bluetooth.BluetoothGattCharacteristic,int):270:271 -> onCharacteristicRead
    21:24:java.lang.String visibleRawData(byte[]):482:485 -> onCharacteristicRead
    21:24:void onCharacteristicRead(android.bluetooth.BluetoothGatt,android.bluetooth.BluetoothGattCharacteristic,int):271 -> onCharacteristicRead
    25:34:void onCharacteristicRead(android.bluetooth.BluetoothGatt,android.bluetooth.BluetoothGattCharacteristic,int):271:280 -> onCharacteristicRead
    1:34:void onCharacteristicWrite(android.bluetooth.BluetoothGatt,android.bluetooth.BluetoothGattCharacteristic,int):220:253 -> onCharacteristicWrite
    1:48:void onConnectionStateChange(android.bluetooth.BluetoothGatt,int,int):125:172 -> onConnectionStateChange
    1:1:void onDescriptorWrite(android.bluetooth.BluetoothGatt,android.bluetooth.BluetoothGattDescriptor,int):215:215 -> onDescriptorWrite
    1:1:void onMtuChanged(android.bluetooth.BluetoothGatt,int,int):357:357 -> onMtuChanged
    1:25:void onServicesDiscovered(android.bluetooth.BluetoothGatt,int):183:207 -> onServicesDiscovered
kr.co.keyfreecar.api.KeyfreecarGATT$1 -> a.a.a.a.a$a:
    android.bluetooth.BluetoothGatt val$gatt -> a
    kr.co.keyfreecar.api.KeyfreecarGATT this$0 -> b
    1:1:void <init>(kr.co.keyfreecar.api.KeyfreecarGATT,android.bluetooth.BluetoothGatt):325:325 -> <init>
    1:1:void run():328:328 -> run
    2:455:void kr.co.keyfreecar.api.KeyfreecarGATT.SendPing(android.bluetooth.BluetoothGatt):0:453 -> run
    2:455:void kr.co.keyfreecar.api.KeyfreecarGATT.access$000(kr.co.keyfreecar.api.KeyfreecarGATT,android.bluetooth.BluetoothGatt):20 -> run
    2:455:void run():328 -> run
    456:456:void run():329:329 -> run
kr.co.keyfreecar.api.KeyfreecarGATT$Callback -> a.a.a.a.a$b:
